<html>
<head><title>This is merged title</title></head>
<body><div id="content"><ul id="very-amaze"><li>original 1</li><li>original 2</li><li>merged 1</li><li>merged 2</li></ul><div id="included">The value of deep.merge.object.key is value</div></div></body>
</html>