<html><body><div id="expressions"><ul><li>item 1</li><li>item 2</li><li>item 3</li></ul></div><div attr="simple value">value</div></body></html>